
<h1>Dein Sicherheitscode</h1>
<p>Hallo Atilla,</p>
<p>Dein Einmal-Code für die Zwei-Faktor-Authentifizierung lautet:</p>
<p style="margin: 24px 0; text-align: center;">
	<span style="display: inline-block; padding: 16px 32px; background-color: #f4f4f4; font-size: 32px; font-weight: bold; letter-spacing: 8px; font-family: monospace; border-radius: 8px;">123456</span>
</p>
<p style="font-size: 14px; color: #666;">Dieser Code ist 3 Minuten gültig.</p>
<p style="font-size: 14px; color: #666;">Falls du diesen Code nicht angefordert hast, ignoriere diese E-Mail.</p>
