
<h1>Neue Anmeldung in deinem Konto</h1>
<p>Hallo Atilla,</p>
<p>Wir haben eine Anmeldung von einem neuen Gerät oder Standort festgestellt:</p>
<ul>
	<li><strong>Gerät:</strong> Chrome on macOS</li>
	<li><strong>IP-Adresse:</strong> 192.168.1.42</li>
	<li><strong>Zeit:</strong> 20.05.2026 16:30</li>
</ul>
<p>Wenn du das nicht warst, überprüfe bitte sofort deine aktiven Sessions und beende verdächtige Sitzungen:</p>
<p><a href="https://app.example.com/settings" style="display: inline-block; padding: 12px 24px; background-color: #000; color: #fff; text-decoration: none; border-radius: 6px;">Sessions verwalten</a></p>
<p style="margin-top: 16px; font-size: 14px; color: #666;">
	Oder kopiere diesen Link: <a href="https://app.example.com/settings">https://app.example.com/settings</a>
</p>
